[2026-09-17 18:25:03] 🚀 AVVIO PROCESSO DI AUDIT NOTTURNO BROKERFLOW
[2026-09-17 18:25:03] 🔒 Attivazione modalità di prevenzione standby sistema (caffeinate)...
[2026-09-17 18:25:03] ✅ Caffeinate attivo con successo.
[2026-09-17 18:25:03] ⏸️ INIZIO PAUSA (Pausa Iniziale Richiesta di 1 Ora): 60 minuti previsti.
[2026-09-17 18:25:03]    ⏳ Tempo rimanente di pausa: 60:00...
[2026-09-17 18:30:03]    ⏳ Tempo rimanente di pausa: 55:00...
[2026-09-17 18:35:03]    ⏳ Tempo rimanente di pausa: 50:00...
[2026-09-17 18:44:58]    ⏳ Tempo rimanente di pausa: 45:00...
[2026-09-17 18:49:58]    ⏳ Tempo rimanente di pausa: 40:00...
[2026-09-17 18:54:58]    ⏳ Tempo rimanente di pausa: 35:00...
[2026-09-17 18:59:58]    ⏳ Tempo rimanente di pausa: 30:00...
[2026-09-17 19:04:58]    ⏳ Tempo rimanente di pausa: 25:00...
[2026-09-17 19:09:58]    ⏳ Tempo rimanente di pausa: 20:00...
[2026-09-17 19:14:58]    ⏳ Tempo rimanente di pausa: 15:00...
[2026-09-17 19:19:58]    ⏳ Tempo rimanente di pausa: 10:00...
[2026-09-17 19:24:58]    ⏳ Tempo rimanente di pausa: 05:00...
[2026-09-17 19:28:58]    ⏳ Tempo rimanente di pausa: 01:00...
[2026-09-17 19:29:58] ▶️ FINE PAUSA (Pausa Iniziale Richiesta di 1 Ora). Ripresa attività.
[2026-09-17 19:30:01] 
=======================================================
[2026-09-17 19:30:01] 🏦 AUDIT ISTITUTO [1/9]: BPER Banca
[2026-09-17 19:30:01] =======================================================
[2026-09-17 19:30:01] 🔍 [AUDIT BANCA] Inizio analisi approfondita per: BPER Banca (bper)...
[2026-09-17 19:30:01]    ✅ Completata analisi su BPER Banca. Riscontrate 1 annotazioni.
[2026-09-17 19:30:01] ⏱️ Tempo di elaborazione per BPER Banca: 0.0 secondi.
[2026-09-17 19:30:01] ⏸️ INIZIO PAUSA (Pausa di 30 minuti dopo BPER Banca): 30 minuti previsti.
[2026-09-17 19:30:01]    ⏳ Tempo rimanente di pausa: 30:00...
[2026-09-17 19:35:01]    ⏳ Tempo rimanente di pausa: 25:00...
[2026-09-17 19:40:01]    ⏳ Tempo rimanente di pausa: 20:00...
[2026-09-17 19:45:01]    ⏳ Tempo rimanente di pausa: 15:00...
[2026-09-17 19:50:01]    ⏳ Tempo rimanente di pausa: 10:00...
[2026-09-17 19:55:01]    ⏳ Tempo rimanente di pausa: 05:00...
[2026-09-17 19:59:01]    ⏳ Tempo rimanente di pausa: 01:00...
[2026-09-17 20:00:01] ▶️ FINE PAUSA (Pausa di 30 minuti dopo BPER Banca). Ripresa attività.
[2026-09-17 20:00:01] 
=======================================================
[2026-09-17 20:00:01] 🏦 AUDIT ISTITUTO [2/9]: Banco di Sardegna
[2026-09-17 20:00:01] =======================================================
[2026-09-17 20:00:01] 🔍 [AUDIT BANCA] Inizio analisi approfondita per: Banco di Sardegna (banco_di_sardegna)...
[2026-09-17 20:00:01]    ✅ Completata analisi su Banco di Sardegna. Riscontrate 1 annotazioni.
[2026-09-17 20:00:01] ⏱️ Tempo di elaborazione per Banco di Sardegna: 0.0 secondi.
[2026-09-17 20:00:01] ⏸️ INIZIO PAUSA (Pausa di 30 minuti dopo Banco di Sardegna): 30 minuti previsti.
[2026-09-17 20:00:01]    ⏳ Tempo rimanente di pausa: 30:00...
[2026-09-17 20:05:01]    ⏳ Tempo rimanente di pausa: 25:00...
[2026-09-17 20:10:01]    ⏳ Tempo rimanente di pausa: 20:00...
[2026-09-17 20:15:01]    ⏳ Tempo rimanente di pausa: 15:00...
[2026-09-17 20:20:01]    ⏳ Tempo rimanente di pausa: 10:00...
[2026-09-17 20:25:02]    ⏳ Tempo rimanente di pausa: 05:00...
[2026-09-17 20:29:02]    ⏳ Tempo rimanente di pausa: 01:00...
[2026-09-17 20:30:02] ▶️ FINE PAUSA (Pausa di 30 minuti dopo Banco di Sardegna). Ripresa attività.
[2026-09-17 20:30:02] 
=======================================================
[2026-09-17 20:30:02] 🏦 AUDIT ISTITUTO [3/9]: Banca del Mezzogiorno (BdM - MCC)
[2026-09-17 20:30:02] =======================================================
[2026-09-17 20:30:02] 🔍 [AUDIT BANCA] Inizio analisi approfondita per: Banca del Mezzogiorno (BdM - MCC) (bdm)...
[2026-09-17 20:30:02]    ✅ Completata analisi su Banca del Mezzogiorno (BdM - MCC). Riscontrate 0 annotazioni.
[2026-09-17 20:30:02] ⏱️ Tempo di elaborazione per Banca del Mezzogiorno (BdM - MCC): 0.0 secondi.
[2026-09-17 20:30:02] ⏸️ INIZIO PAUSA (Pausa di 30 minuti dopo Banca del Mezzogiorno (BdM - MCC)): 30 minuti previsti.
[2026-09-17 20:30:02]    ⏳ Tempo rimanente di pausa: 30:00...
[2026-09-17 20:35:02]    ⏳ Tempo rimanente di pausa: 25:00...
[2026-09-17 20:40:02]    ⏳ Tempo rimanente di pausa: 20:00...
[2026-09-17 20:45:02]    ⏳ Tempo rimanente di pausa: 15:00...
[2026-09-17 20:50:02]    ⏳ Tempo rimanente di pausa: 10:00...
[2026-09-17 20:55:02]    ⏳ Tempo rimanente di pausa: 05:00...
[2026-09-17 20:59:02]    ⏳ Tempo rimanente di pausa: 01:00...
[2026-09-17 21:00:02] ▶️ FINE PAUSA (Pausa di 30 minuti dopo Banca del Mezzogiorno (BdM - MCC)). Ripresa attività.
[2026-09-17 21:00:02] 
=======================================================
[2026-09-17 21:00:02] 🏦 AUDIT ISTITUTO [4/9]: BNL BNP Paribas
[2026-09-17 21:00:02] =======================================================
[2026-09-17 21:00:02] 🔍 [AUDIT BANCA] Inizio analisi approfondita per: BNL BNP Paribas (bnl)...
[2026-09-17 21:00:02]    ✅ Completata analisi su BNL BNP Paribas. Riscontrate 0 annotazioni.
[2026-09-17 21:00:02] ⏱️ Tempo di elaborazione per BNL BNP Paribas: 0.0 secondi.
[2026-09-17 21:00:02] ⏸️ INIZIO PAUSA (Pausa di 30 minuti dopo BNL BNP Paribas): 30 minuti previsti.
[2026-09-17 21:00:02]    ⏳ Tempo rimanente di pausa: 30:00...
[2026-09-17 21:05:02]    ⏳ Tempo rimanente di pausa: 25:00...
[2026-09-17 21:10:02]    ⏳ Tempo rimanente di pausa: 20:00...
[2026-09-17 21:15:02]    ⏳ Tempo rimanente di pausa: 15:00...
[2026-09-17 21:20:02]    ⏳ Tempo rimanente di pausa: 10:00...
[2026-09-17 21:25:02]    ⏳ Tempo rimanente di pausa: 05:00...
[2026-09-17 21:29:02]    ⏳ Tempo rimanente di pausa: 01:00...
[2026-09-17 21:30:02] ▶️ FINE PAUSA (Pausa di 30 minuti dopo BNL BNP Paribas). Ripresa attività.
[2026-09-17 21:30:02] 
=======================================================
[2026-09-17 21:30:02] 🏦 AUDIT ISTITUTO [5/9]: Crédit Agricole Italia
[2026-09-17 21:30:02] =======================================================
[2026-09-17 21:30:02] 🔍 [AUDIT BANCA] Inizio analisi approfondita per: Crédit Agricole Italia (credit agricole italia)...
[2026-09-17 21:30:02]    ✅ Completata analisi su Crédit Agricole Italia. Riscontrate 0 annotazioni.
[2026-09-17 21:30:02] ⏱️ Tempo di elaborazione per Crédit Agricole Italia: 0.0 secondi.
[2026-09-17 21:30:02] ⏸️ INIZIO PAUSA (Pausa di 30 minuti dopo Crédit Agricole Italia): 30 minuti previsti.
[2026-09-17 21:30:02]    ⏳ Tempo rimanente di pausa: 30:00...
[2026-09-17 21:35:02]    ⏳ Tempo rimanente di pausa: 25:00...
[2026-09-17 21:40:02]    ⏳ Tempo rimanente di pausa: 20:00...
[2026-09-17 21:45:02]    ⏳ Tempo rimanente di pausa: 15:00...
[2026-09-17 21:50:02]    ⏳ Tempo rimanente di pausa: 10:00...
[2026-09-17 21:55:02]    ⏳ Tempo rimanente di pausa: 05:00...
[2026-09-17 21:59:02]    ⏳ Tempo rimanente di pausa: 01:00...
[2026-09-17 22:00:02] ▶️ FINE PAUSA (Pausa di 30 minuti dopo Crédit Agricole Italia). Ripresa attività.
[2026-09-17 22:00:02] 
=======================================================
[2026-09-17 22:00:02] 🏦 AUDIT ISTITUTO [6/9]: ING Bank
[2026-09-17 22:00:02] =======================================================
[2026-09-17 22:00:02] 🔍 [AUDIT BANCA] Inizio analisi approfondita per: ING Bank (ing)...
[2026-09-17 22:00:02]    ✅ Completata analisi su ING Bank. Riscontrate 0 annotazioni.
[2026-09-17 22:00:02] ⏱️ Tempo di elaborazione per ING Bank: 0.0 secondi.
[2026-09-17 22:00:02] ⏸️ INIZIO PAUSA (Pausa di 30 minuti dopo ING Bank): 30 minuti previsti.
[2026-09-17 22:00:02]    ⏳ Tempo rimanente di pausa: 30:00...
[2026-09-17 22:05:02]    ⏳ Tempo rimanente di pausa: 25:00...
[2026-09-17 22:10:02]    ⏳ Tempo rimanente di pausa: 20:00...
[2026-09-17 22:15:02]    ⏳ Tempo rimanente di pausa: 15:00...
[2026-09-17 22:20:02]    ⏳ Tempo rimanente di pausa: 10:00...
[2026-09-17 22:25:03]    ⏳ Tempo rimanente di pausa: 05:00...
[2026-09-17 22:29:03]    ⏳ Tempo rimanente di pausa: 01:00...
[2026-09-17 22:30:03] ▶️ FINE PAUSA (Pausa di 30 minuti dopo ING Bank). Ripresa attività.
[2026-09-17 22:30:03] 
=======================================================
[2026-09-17 22:30:03] 🏦 AUDIT ISTITUTO [7/9]: Mediobanca Premier
[2026-09-17 22:30:03] =======================================================
[2026-09-17 22:30:03] 🔍 [AUDIT BANCA] Inizio analisi approfondita per: Mediobanca Premier (mediobanca_premier)...
[2026-09-17 22:30:03]    ✅ Completata analisi su Mediobanca Premier. Riscontrate 0 annotazioni.
[2026-09-17 22:30:03] ⏱️ Tempo di elaborazione per Mediobanca Premier: 0.0 secondi.
[2026-09-17 22:30:03] ⏸️ INIZIO PAUSA (Pausa di 30 minuti dopo Mediobanca Premier): 30 minuti previsti.
[2026-09-17 22:30:03]    ⏳ Tempo rimanente di pausa: 30:00...
[2026-09-17 22:35:03]    ⏳ Tempo rimanente di pausa: 25:00...
[2026-09-17 22:40:03]    ⏳ Tempo rimanente di pausa: 20:00...
[2026-09-17 22:45:03]    ⏳ Tempo rimanente di pausa: 15:00...
[2026-09-17 22:50:03]    ⏳ Tempo rimanente di pausa: 10:00...
[2026-09-17 22:55:03]    ⏳ Tempo rimanente di pausa: 05:00...
[2026-09-17 22:59:03]    ⏳ Tempo rimanente di pausa: 01:00...
[2026-09-17 23:00:03] ▶️ FINE PAUSA (Pausa di 30 minuti dopo Mediobanca Premier). Ripresa attività.
[2026-09-17 23:00:03] 
=======================================================
[2026-09-17 23:00:03] 🏦 AUDIT ISTITUTO [8/9]: Banca Monte dei Paschi di Siena
[2026-09-17 23:00:03] =======================================================
[2026-09-17 23:00:03] 🔍 [AUDIT BANCA] Inizio analisi approfondita per: Banca Monte dei Paschi di Siena (mps)...
[2026-09-17 23:00:03]    ✅ Completata analisi su Banca Monte dei Paschi di Siena. Riscontrate 0 annotazioni.
[2026-09-17 23:00:03] ⏱️ Tempo di elaborazione per Banca Monte dei Paschi di Siena: 0.0 secondi.
[2026-09-17 23:00:03] ⏸️ INIZIO PAUSA (Pausa di 30 minuti dopo Banca Monte dei Paschi di Siena): 30 minuti previsti.
[2026-09-17 23:00:03]    ⏳ Tempo rimanente di pausa: 30:00...
[2026-09-17 23:05:03]    ⏳ Tempo rimanente di pausa: 25:00...
[2026-09-17 23:10:03]    ⏳ Tempo rimanente di pausa: 20:00...
[2026-09-17 23:15:03]    ⏳ Tempo rimanente di pausa: 15:00...
[2026-09-17 23:20:03]    ⏳ Tempo rimanente di pausa: 10:00...
[2026-09-17 23:25:03]    ⏳ Tempo rimanente di pausa: 05:00...
[2026-09-17 23:29:03]    ⏳ Tempo rimanente di pausa: 01:00...
[2026-09-17 23:30:03] ▶️ FINE PAUSA (Pausa di 30 minuti dopo Banca Monte dei Paschi di Siena). Ripresa attività.
[2026-09-17 23:30:03] 
=======================================================
[2026-09-17 23:30:03] 🏦 AUDIT ISTITUTO [9/9]: Cassa di Risparmio di Bolzano (Sparkasse)
[2026-09-17 23:30:03] =======================================================
[2026-09-17 23:30:03] 🔍 [AUDIT BANCA] Inizio analisi approfondita per: Cassa di Risparmio di Bolzano (Sparkasse) (sparkasse)...
[2026-09-17 23:30:03]    ✅ Completata analisi su Cassa di Risparmio di Bolzano (Sparkasse). Riscontrate 0 annotazioni.
[2026-09-17 23:30:03] ⏱️ Tempo di elaborazione per Cassa di Risparmio di Bolzano (Sparkasse): 0.0 secondi.
[2026-09-17 23:30:03] 📄 Generazione report finale in formato Markdown e PDF...
[2026-09-17 23:30:03] 💾 Report Markdown salvato in: /Users/alessandrofassina/Desktop/broker flow/reports/AUDIT_POLICY_BANCHE_20260917_182503.md
[2026-09-17 23:30:06] 📕 Report PDF generato con successo in: /Users/alessandrofassina/Desktop/broker flow/reports/AUDIT_POLICY_BANCHE_20260917_182503.pdf
[2026-09-17 23:30:06] 🎉 TUTTE LE FASI DI AUDIT SONO STATE COMPLETATE CON SUCCESSO.
[2026-09-17 23:30:06] 📁 PDF pronto per la revisione: /Users/alessandrofassina/Desktop/broker flow/reports/AUDIT_POLICY_BANCHE_20260917_182503.pdf
[2026-09-17 23:30:06] 📧 Preparazione invio email tramite Gmail su Google Chrome per il file: /Users/alessandrofassina/Desktop/broker flow/reports/AUDIT_POLICY_BANCHE_20260917_182503.pdf
[2026-09-17 23:30:18] 📬 Esito invio Gmail su Chrome: SUCCESS: File incollato nella bozza di Gmail su Chrome e inviato con Cmd+Invio.
[2026-09-17 23:30:18] 🔌 Caffeinate terminato regolarmente.
